// Jest Snapshot v1, https://goo.gl/fbAQLP

exports[`CardDetails should match the snapshot with all data passed in correctly 1`] = `
<section
  className="cardDetails"
>
  <img
    alt="movie backdrop"
    className="movie-backdrop"
    src="http://image.tmdb.org/t/p/w1280/n6bUvigpRFqSwmPp1m2YADdbRBc.jpg"
  />
  <article
    className="movie-details-wrapper"
  >
    <img
      alt="movie poster"
      className="movie-poster"
      src="http://image.tmdb.org/t/p/w1280/udDclJoHjfjb8Ekgsd4FDteOkCU.jpg"
    />
    <div
      className="movie-info-wrapper"
    >
      <h1
        className="movie-title"
      >
        Joker
      </h1>
      <h2>
        Released: 
        Oct 04 2019
      </h2>
      <p>
        During the 1980s, a failed stand-up comedian is driven insane and turns to a life of crime and chaos in Gotham City while becoming an infamous psychopathic crime figure.
      </p>
      <h2>
        Vote Average: 
        8.6
      </h2>
      <button
        className="fav-btn"
        disabled={true}
        onClick={[Function]}
        type="button"
      >
        Add Favorite
      </button>
      <Link
        to="/"
      >
        <button
          className="back-btn"
          type="button"
        >
          â—€ back
        </button>
      </Link>
    </div>
  </article>
</section>
`;
