// Jest Snapshot v1, https://goo.gl/fbAQLP

exports[`App should match snapshot 1`] = `
<div
  className="App"
>
  <Connect(Header) />
  <Route
    exact={true}
    path="/"
    render={[Function]}
  />
  <Route
    exact={true}
    path="/login"
    render={[Function]}
  />
  <Route
    exact={true}
    path="/createaccount"
    render={[Function]}
  />
  <Route
    exact={true}
    path="/favorites"
    render={[Function]}
  />
  <Route
    path="/movies/:id"
    render={[Function]}
  />
</div>
`;
